0:0 / / ro,relatime shared:1 - squashfs /dev/loop0 ro
1:0 /EFI/ubuntu /boot/grub rw,relatime shared:2 - ext4 /dev/sda3 rw
2:0 / /dev rw,nosuid shared:3 - devtmpfs devtmpfs rw,size=VARIABLE,nr_inodes=0,mode=755
2:1 / /dev/hugepages rw,relatime shared:4 - hugetlbfs hugetlbfs rw,pagesize=2M
2:2 / /dev/mqueue rw,nosuid,nodev,noexec,relatime shared:5 - mqueue mqueue rw
2:3 / /dev/pts rw,nosuid,noexec,relatime shared:6 - devpts devpts rw,gid=5,mode=620,ptmxmode=000
2:4 / /dev/shm rw,nosuid,nodev shared:7 - tmpfs tmpfs rw
1:1 /system-data/etc/cloud /etc/cloud rw,relatime shared:8 - ext4 /dev/sda4 rw
1:1 /system-data/etc/dbus-1/system.d /etc/dbus-1/system.d rw,relatime shared:9 - ext4 /dev/sda4 rw
1:1 /system-data/etc/default/swapfile /etc/default/swapfile rw,relatime shared:10 - ext4 /dev/sda4 rw
1:1 /system-data/etc/environment /etc/environment rw,relatime shared:11 - ext4 /dev/sda4 rw
2:5 /image.fstab /etc/fstab rw,nosuid,nodev shared:12 - tmpfs tmpfs rw,size=VARIABLE,mode=755
1:1 /system-data/root/test-etc/group /etc/group ro,relatime shared:13 - ext4 /dev/sda4 rw
1:1 /system-data/root/test-etc/gshadow /etc/gshadow ro,relatime shared:13 - ext4 /dev/sda4 rw
1:1 /system-data/etc/hosts /etc/hosts rw,relatime shared:14 - ext4 /dev/sda4 rw
1:1 /system-data/etc/iproute2 /etc/iproute2 rw,relatime shared:15 - ext4 /dev/sda4 rw
2:5 /machine-id /etc/machine-id ro shared:16 - tmpfs tmpfs rw,size=VARIABLE,mode=755
1:1 /system-data/etc/modprobe.d /etc/modprobe.d rw,relatime shared:17 - ext4 /dev/sda4 rw
1:1 /system-data/etc/modules-load.d /etc/modules-load.d rw,relatime shared:18 - ext4 /dev/sda4 rw
1:1 /system-data/etc/netplan /etc/netplan rw,relatime shared:19 - ext4 /dev/sda4 rw
1:1 /system-data/etc/network/if-up.d /etc/network/if-up.d rw,relatime shared:20 - ext4 /dev/sda4 rw
1:1 /system-data/root/test-etc/passwd /etc/passwd ro,relatime shared:13 - ext4 /dev/sda4 rw
1:1 /system-data/root/test-etc/shadow /etc/shadow ro,relatime shared:13 - ext4 /dev/sda4 rw
1:1 /system-data/etc/ssh /etc/ssh rw,relatime shared:21 - ext4 /dev/sda4 rw
1:1 /system-data/etc/sudoers.d /etc/sudoers.d rw,relatime shared:22 - ext4 /dev/sda4 rw
1:1 /system-data/etc/sysctl.d /etc/sysctl.d rw,relatime shared:23 - ext4 /dev/sda4 rw
1:1 /system-data/etc/systemd /etc/systemd rw,relatime shared:24 - ext4 /dev/sda4 rw
1:1 /system-data/etc/udev/rules.d /etc/udev/rules.d rw,relatime shared:25 - ext4 /dev/sda4 rw
1:1 /system-data/etc/writable /etc/writable rw,relatime shared:26 - ext4 /dev/sda4 rw
1:1 /user-data /home rw,relatime shared:13 - ext4 /dev/sda4 rw
2:6 / /media rw,relatime shared:27 - tmpfs tmpfs rw
2:7 / /mnt rw,relatime shared:28 - tmpfs tmpfs rw
2:8 / /proc rw,nosuid,nodev,noexec,relatime shared:29 - proc proc rw
2:9 / /proc/sys/fs/binfmt_misc rw,relatime shared:30 - autofs systemd-1 rw,fd=0,pgrp=1,timeout=0,minproto=5,maxproto=5,direct,pipe_ino=0
1:1 /system-data/root /root rw,relatime shared:13 - ext4 /dev/sda4 rw
2:5 / /run rw,nosuid,nodev shared:16 - tmpfs tmpfs rw,size=VARIABLE,mode=755
2:10 / /run/lock rw,nosuid,nodev,noexec,relatime shared:31 - tmpfs tmpfs rw,size=VARIABLE
1:0 / /run/mnt/ubuntu-boot rw,relatime shared:2 - ext4 /dev/sda3 rw
1:1 / /run/mnt/ubuntu-data rw,relatime shared:32 - ext4 /dev/sda4 rw
1:2 / /run/mnt/ubuntu-seed rw,relatime shared:33 - vfat /dev/sda2 rw,fmask=0077,dmask=0077,codepage=437,iocharset=iso8859-1,shortname=mixed,errors=remount-ro
2:11 / /run/user/0 rw,nosuid,nodev,relatime shared:34 - tmpfs tmpfs rw,size=VARIABLE,mode=700
1:1 /system-data/snap /snap rw,relatime shared:13 - ext4 /dev/sda4 rw
0:1 / /snap/core/1 ro,nodev,relatime shared:35 - squashfs /dev/loop1 ro
0:2 / /snap/core18/1 ro,nodev,relatime shared:36 - squashfs /dev/loop2 ro
0:0 / /snap/core20/1 ro,nodev,relatime shared:37 - squashfs /dev/loop0 ro
0:3 / /snap/pc-kernel/1 ro,nodev,relatime shared:38 - squashfs /dev/loop3 ro
0:4 / /snap/pc/1 ro,nodev,relatime shared:39 - squashfs /dev/loop4 ro
0:5 / /snap/snapd/1 ro,nodev,relatime shared:40 - squashfs /dev/loop5 ro
0:6 / /snap/test-snapd-mountinfo-core16/1 ro,nodev,relatime shared:41 - squashfs /dev/loop6 ro
0:7 / /snap/test-snapd-mountinfo-core18/1 ro,nodev,relatime shared:42 - squashfs /dev/loop7 ro
0:8 / /snap/test-snapd-rsync-core20/1 ro,nodev,relatime shared:43 - squashfs /dev/loop8 ro
2:12 / /sys rw,nosuid,nodev,noexec,relatime shared:44 - sysfs sysfs rw
2:13 / /sys/firmware/efi/efivars rw,nosuid,nodev,noexec,relatime shared:45 - efivarfs efivarfs rw
2:14 / /sys/fs/bpf rw,nosuid,nodev,noexec,relatime shared:46 - bpf none rw,mode=700
2:15 / /sys/fs/cgroup ro,nosuid,nodev,noexec shared:47 - tmpfs tmpfs ro,mode=755
2:16 / /sys/fs/cgroup/blkio rw,nosuid,nodev,noexec,relatime shared:48 - cgroup cgroup rw,blkio
2:17 / /sys/fs/cgroup/cpu,cpuacct rw,nosuid,nodev,noexec,relatime shared:49 - cgroup cgroup rw,cpu,cpuacct
2:18 / /sys/fs/cgroup/cpuset rw,nosuid,nodev,noexec,relatime shared:50 - cgroup cgroup rw,cpuset
2:19 / /sys/fs/cgroup/devices rw,nosuid,nodev,noexec,relatime shared:51 - cgroup cgroup rw,devices
2:20 / /sys/fs/cgroup/freezer rw,nosuid,nodev,noexec,relatime shared:52 - cgroup cgroup rw,freezer
2:21 / /sys/fs/cgroup/hugetlb rw,nosuid,nodev,noexec,relatime shared:53 - cgroup cgroup rw,hugetlb
2:22 / /sys/fs/cgroup/memory rw,nosuid,nodev,noexec,relatime shared:54 - cgroup cgroup rw,memory
2:23 / /sys/fs/cgroup/net_cls,net_prio rw,nosuid,nodev,noexec,relatime shared:55 - cgroup cgroup rw,net_cls,net_prio
2:24 / /sys/fs/cgroup/perf_event rw,nosuid,nodev,noexec,relatime shared:56 - cgroup cgroup rw,perf_event
2:25 / /sys/fs/cgroup/pids rw,nosuid,nodev,noexec,relatime shared:57 - cgroup cgroup rw,pids
2:26 / /sys/fs/cgroup/rdma rw,nosuid,nodev,noexec,relatime shared:58 - cgroup cgroup rw,rdma
2:27 / /sys/fs/cgroup/systemd rw,nosuid,nodev,noexec,relatime shared:59 - cgroup cgroup rw,xattr,name=systemd
2:28 / /sys/fs/cgroup/unified rw,nosuid,nodev,noexec,relatime shared:60 - cgroup2 cgroup2 rw,nsdelegate
2:29 / /sys/fs/fuse/connections rw,nosuid,nodev,noexec,relatime shared:61 - fusectl fusectl rw
2:30 / /sys/fs/pstore rw,nosuid,nodev,noexec,relatime shared:62 - pstore pstore rw
2:31 / /sys/kernel/config rw,nosuid,nodev,noexec,relatime shared:63 - configfs configfs rw
2:32 / /sys/kernel/debug rw,nosuid,nodev,noexec,relatime shared:64 - debugfs debugfs rw
2:33 / /sys/kernel/security rw,nosuid,nodev,noexec,relatime shared:65 - securityfs securityfs rw
2:34 / /tmp rw,relatime shared:66 - tmpfs tmpfs rw
0:3 /firmware /usr/lib/firmware rw,relatime shared:67 - squashfs /dev/loop3 ro
0:3 /modules /usr/lib/modules rw,relatime shared:68 - squashfs /dev/loop3 ro
0:5 /usr/lib/snapd /usr/lib/snapd ro,nodev,relatime shared:40 - squashfs /dev/loop5 ro
1:1 /system-data/var/cache/apparmor /var/cache/apparmor rw,relatime shared:13 - ext4 /dev/sda4 rw
1:1 /system-data/var/cache/snapd /var/cache/snapd rw,relatime shared:13 - ext4 /dev/sda4 rw
1:1 /system-data/var/lib/cloud /var/lib/cloud rw,relatime shared:13 - ext4 /dev/sda4 rw
1:1 /system-data/var/lib/console-conf /var/lib/console-conf rw,relatime shared:13 - ext4 /dev/sda4 rw
1:1 /system-data/var/lib/dbus /var/lib/dbus rw,relatime shared:13 - ext4 /dev/sda4 rw
1:1 /system-data/var/lib/dhcp /var/lib/dhcp rw,relatime shared:13 - ext4 /dev/sda4 rw
1:1 /system-data/var/lib/extrausers /var/lib/extrausers rw,relatime shared:13 - ext4 /dev/sda4 rw
1:1 /system-data/var/lib/misc /var/lib/misc rw,relatime shared:13 - ext4 /dev/sda4 rw
1:1 /system-data/var/lib/private/systemd /var/lib/private/systemd rw,relatime shared:13 - ext4 /dev/sda4 rw
1:1 /system-data/var/lib/snapd /var/lib/snapd rw,relatime shared:13 - ext4 /dev/sda4 rw
1:2 / /var/lib/snapd/seed rw,relatime shared:33 - vfat /dev/sda2 rw,fmask=0077,dmask=0077,codepage=437,iocharset=iso8859-1,shortname=mixed,errors=remount-ro
2:35 / /var/lib/sudo rw,relatime shared:69 - tmpfs tmpfs rw,mode=700
1:1 /system-data/var/lib/systemd /var/lib/systemd rw,relatime shared:13 - ext4 /dev/sda4 rw
1:1 /system-data/var/log /var/log rw,relatime shared:13 - ext4 /dev/sda4 rw
1:1 /system-data/var/snap /var/snap rw,relatime shared:13 - ext4 /dev/sda4 rw
1:1 /system-data/var/tmp /var/tmp rw,relatime shared:13 - ext4 /dev/sda4 rw
1:1 / /writable rw,relatime shared:13 - ext4 /dev/sda4 rw
0:1 / /writable/system-data/snap/core/1 ro,nodev,relatime shared:35 - squashfs /dev/loop1 ro
0:2 / /writable/system-data/snap/core18/1 ro,nodev,relatime shared:36 - squashfs /dev/loop2 ro
0:0 / /writable/system-data/snap/core20/1 ro,nodev,relatime shared:37 - squashfs /dev/loop0 ro
0:3 / /writable/system-data/snap/pc-kernel/1 ro,nodev,relatime shared:38 - squashfs /dev/loop3 ro
0:4 / /writable/system-data/snap/pc/1 ro,nodev,relatime shared:39 - squashfs /dev/loop4 ro
0:5 / /writable/system-data/snap/snapd/1 ro,nodev,relatime shared:40 - squashfs /dev/loop5 ro
0:6 / /writable/system-data/snap/test-snapd-mountinfo-core16/1 ro,nodev,relatime shared:41 - squashfs /dev/loop6 ro
0:7 / /writable/system-data/snap/test-snapd-mountinfo-core18/1 ro,nodev,relatime shared:42 - squashfs /dev/loop7 ro
0:8 / /writable/system-data/snap/test-snapd-rsync-core20/1 ro,nodev,relatime shared:43 - squashfs /dev/loop8 ro
1:2 / /writable/system-data/var/lib/snapd/seed rw,relatime shared:33 - vfat /dev/sda2 rw,fmask=0077,dmask=0077,codepage=437,iocharset=iso8859-1,shortname=mixed,errors=remount-ro
